// Jest Snapshot v1, https://goo.gl/fbAQLP

exports[`authReducer initial state should match snapshot 1`] = `
Object {
  "idToken": null,
}
`;
