// Jest Snapshot v1, https://goo.gl/fbAQLP

exports[`Post reducer initial state should match snapshot 1`] = `
Object {
  "byId": Object {},
  "ids": Array [],
  "instances": Object {},
  "loading": false,
  "pendingIds": Array [],
  "total": null,
}
`;
